// Jest Snapshot v1, https://goo.gl/fbAQLP

exports[`main page renders with count 1`] = `
<div>
  The current count is 
  10
</div>
`;
